[{"stream_name":"stderr","time":11.69353471,"data":"0.00s - Debugger warning: It seems that frozen modules are being used, which may\n"}
,{"stream_name":"stderr","time":11.694629972,"data":"0.00s - make the debugger miss breakpoints. Please pass -Xfrozen_modules=off\n"}
,{"stream_name":"stderr","time":11.694635742,"data":"0.00s - to python to disable frozen modules.\n"}
,{"stream_name":"stderr","time":11.694638764,"data":"0.00s - Note: Debugging will proceed. Set PYDEVD_DISABLE_FILE_VALIDATION=1 to disable this validation.\n"}
,{"stream_name":"stderr","time":12.534505179,"data":"0.00s - Debugger warning: It seems that frozen modules are being used, which may\n"}
,{"stream_name":"stderr","time":12.534541511,"data":"0.00s - make the debugger miss breakpoints. Please pass -Xfrozen_modules=off\n"}
,{"stream_name":"stderr","time":12.534574032,"data":"0.00s - to python to disable frozen modules.\n"}
,{"stream_name":"stderr","time":12.534582599,"data":"0.00s - Note: Debugging will proceed. Set PYDEVD_DISABLE_FILE_VALIDATION=1 to disable this validation.\n"}
,{"stream_name":"stdout","time":15.59624121,"data":"BIOHUB_PRESET: harmonic_v3_division_wide\n"}
,{"stream_name":"stdout","time":15.596296788,"data":"BIOHUB_SCORE_AXIS: public 0.939 base + holdout-selected post-process configuration\n"}
,{"stream_name":"stdout","time":22.932996665,"data":"BIOHUB_D4_DEVICE_GUARD: two CUDA devices confirmed\n"}
,{"stream_name":"stdout","time":22.957969727,"data":"Configuration guard: PASS\n"}
,{"stream_name":"stdout","time":22.957991279,"data":"Baseline: fixed-90 dual-seed clean pipeline (public LB 0.913)\n"}
,{"stream_name":"stdout","time":22.957996134,"data":"Single model-level change: harmonic mutual-support association fusion\n"}
,{"stream_name":"stdout","time":22.957999814,"data":"Reverse-time association weight: 0.200\n"}
,{"stream_name":"stdout","time":24.727801864,"data":"Biohub learned UNet + node-transformer + ILP submission\n"}
,{"stream_name":"stdout","time":24.727833562,"data":"COMP_DIR: /kaggle/input/competitions/biohub-cell-tracking-during-development exists: True\n"}
,{"stream_name":"stdout","time":24.72783905,"data":"TEST_DIR: /kaggle/input/competitions/biohub-cell-tracking-during-development/test exists: True\n"}
,{"stream_name":"stdout","time":24.727843128,"data":"{\n"}
,{"stream_name":"stdout","time":24.727846705,"data":"  \"adaptive_short_track_rescue\": true,\n"}
,{"stream_name":"stdout","time":24.727850382,"data":"  \"allow_artifact_fallback\": false,\n"}
,{"stream_name":"stdout","time":24.727854049,"data":"  \"allow_pip_install\": false,\n"}
,{"stream_name":"stdout","time":24.727857418,"data":"  \"deepcenter_checkpoint_default\": \"/kaggle/input/biohub-deepcenter-unet3d-center-prior-v1/weights/full_frame_center/best.pt\",\n"}
,{"stream_name":"stdout","time":24.727861432,"data":"  \"deepcenter_expected_epoch\": 2,\n"}
,{"stream_name":"stdout","time":24.727864644,"data":"  \"deepcenter_gap_add_gate\": true,\n"}
,{"stream_name":"stdout","time":24.72786803,"data":"  \"deepcenter_gap_confirm_min_span_um\": 8.5,\n"}
,{"stream_name":"stdout","time":24.727871557,"data":"  \"deepcenter_gap_threshold\": 0.25,\n"}
,{"stream_name":"stdout","time":24.727875058,"data":"  \"deepcenter_safe_div_add_gate\": true,\n"}
,{"stream_name":"stdout","time":24.72787868,"data":"  \"deepcenter_safe_div_threshold\": 0.25,\n"}
,{"stream_name":"stdout","time":24.727882141,"data":"  \"det_threshold\": 0.965,\n"}
,{"stream_name":"stdout","time":24.72788538,"data":"  \"div_drop_to_single_if_bad\": true,\n"}
,{"stream_name":"stdout","time":24.7278888,"data":"  \"div_parent_max_um\": 10.5,\n"}
,{"stream_name":"stdout","time":24.727892209,"data":"  \"div_sister_max_um\": 8.0,\n"}
,{"stream_name":"stdout","time":24.727909283,"data":"  \"experiment_tag\": \"selected_101_dual_seed_near_balanced_center_confirmed_synthetic_gap\",\n"}
,{"stream_name":"stdout","time":24.727914285,"data":"  \"gap2_frame_frac_cap\": 0.006,\n"}
,{"stream_name":"stdout","time":24.727917725,"data":"  \"gap2_max_links_abs\": 180,\n"}
,{"stream_name":"stdout","time":24.72792078,"data":"  \"gap2_max_links_frac\": 0.0045,\n"}
,{"stream_name":"stdout","time":24.727924023,"data":"  \"gap2_max_step_um\": 4.4,\n"}
,{"stream_name":"stdout","time":24.727927994,"data":"  \"gap2_max_total_um\": 10.2,\n"}
,{"stream_name":"stdout","time":24.727931355,"data":"  \"gap2_require_context\": true,\n"}
,{"stream_name":"stdout","time":24.727934665,"data":"  \"gap_close_effective_max_gap\": 1,\n"}
,{"stream_name":"stdout","time":24.727938028,"data":"  \"gap_close_max_added_abs\": 2000,\n"}
,{"stream_name":"stdout","time":24.727941713,"data":"  \"gap_close_max_added_frac\": 0.05,\n"}
,{"stream_name":"stdout","time":24.72794491,"data":"  \"gap_close_max_gap\": 2,\n"}
,{"stream_name":"stdout","time":24.727948211,"data":"  \"gap_close_reuse_existing\": true,\n"}
,{"stream_name":"stdout","time":24.727952654,"data":"  \"gap_close_reuse_um\": 3.2,\n"}
,{"stream_name":"stdout","time":24.727956157,"data":"  \"gap_close_um\": 5.0,\n"}
,{"stream_name":"stdout","time":24.72796047,"data":"  \"gap_density_adaptive\": true,\n"}
,{"stream_name":"stdout","time":24.727963931,"data":"  \"gap_density_gain\": 0.04,\n"}
,{"stream_name":"stdout","time":24.727967632,"data":"  \"gap_density_max_step_delta_um\": 0.125,\n"}
,{"stream_name":"stdout","time":24.727971324,"data":"  \"gap_density_neighbors\": 3,\n"}
,{"stream_name":"stdout","time":24.72797506,"data":"  \"gap_density_reference_um\": 6.5,\n"}
,{"stream_name":"stdout","time":24.72797847,"data":"  \"gap_refine_max_shift_um\": 3.2,\n"}
,{"stream_name":"stdout","time":24.727982238,"data":"  \"gap_refine_synthetic\": true,\n"}
,{"stream_name":"stdout","time":24.727986056,"data":"  \"gap_refine_win_yx\": 3,\n"}
,{"stream_name":"stdout","time":24.727989481,"data":"  \"gap_refine_win_z\": 1,\n"}
,{"stream_name":"stdout","time":24.727992669,"data":"  \"ilp_appearance_weight\": 0.0,\n"}
,{"stream_name":"stdout","time":24.727996116,"data":"  \"ilp_disappearance_weight\": 2.0,\n"}
,{"stream_name":"stdout","time":24.727999437,"data":"  \"ilp_division_weight\": 1.2,\n"}
,{"stream_name":"stdout","time":24.72800356,"data":"  \"ilp_edge_weight\": -1.0,\n"}
,{"stream_name":"stdout","time":24.728007429,"data":"  \"method\": \"unet_transformer\",\n"}
,{"stream_name":"stdout","time":24.728011781,"data":"  \"motion_relink_learned_bonus\": 1.0,\n"}
,{"stream_name":"stdout","time":24.728015836,"data":"  \"motion_relink_max_frame_nodes\": 2600,\n"}
,{"stream_name":"stdout","time":24.728019722,"data":"  \"motion_relink_relaxed_um\": 10.0,\n"}
,{"stream_name":"stdout","time":24.72802313,"data":"  \"motion_relink_tight_um\": 6.0,\n"}
,{"stream_name":"stdout","time":24.728026538,"data":"  \"motion_relink_velocity_weight\": 0.5,\n"}
,{"stream_name":"stdout","time":24.728029973,"data":"  \"output_division_geometry_filter\": false,\n"}
,{"stream_name":"stdout","time":24.728033331,"data":"  \"output_edge_max_um\": 14.0,\n"}
,{"stream_name":"stdout","time":24.728044929,"data":"  \"output_enforce_next_frame\": true,\n"}
,{"stream_name":"stdout","time":24.728048126,"data":"  \"output_filter_short_tracks\": true,\n"}
,{"stream_name":"stdout","time":24.728050392,"data":"  \"output_gap2_recovery\": true,\n"}
,{"stream_name":"stdout","time":24.728052657,"data":"  \"output_gap_close\": true,\n"}
,{"stream_name":"stdout","time":24.728076615,"data":"  \"output_keep_division_components\": true,\n"}
,{"stream_name":"stdout","time":24.728079301,"data":"  \"output_linefit_smooth\": true,\n"}
,{"stream_name":"stdout","time":24.728082289,"data":"  \"output_linefit_weight\": 0.8,\n"}
,{"stream_name":"stdout","time":24.728104039,"data":"  \"output_linefit_window\": 2,\n"}
,{"stream_name":"stdout","time":24.728108228,"data":"  \"output_min_track_len\": 6,\n"}
,{"stream_name":"stdout","time":24.728112138,"data":"  \"output_motion_relink\": true,\n"}
,{"stream_name":"stdout","time":24.728115392,"data":"  \"output_prune_isolated\": true,\n"}
,{"stream_name":"stdout","time":24.728118837,"data":"  \"output_safe_divisions\": true,\n"}
,{"stream_name":"stdout","time":24.728122423,"data":"  \"output_single_child_repair\": false,\n"}
,{"stream_name":"stdout","time":24.728125953,"data":"  \"output_single_parent_repair\": true,\n"}
,{"stream_name":"stdout","time":24.728129644,"data":"  \"primary_artifact_manifest\": \"/kaggle/input/datasets/pilkwang/biohub-tracking-support-pack-50ep-v1/ARTIFACT_MANIFEST.json\",\n"}
,{"stream_name":"stdout","time":24.728133786,"data":"  \"safe_div_existing_child_max_um\": 10.0,\n"}
,{"stream_name":"stdout","time":24.728137265,"data":"  \"safe_div_frame_frac_cap\": 0.0076,\n"}
,{"stream_name":"stdout","time":24.728140893,"data":"  \"safe_div_global_frac_cap\": 0.00375,\n"}
,{"stream_name":"stdout","time":24.728144456,"data":"  \"safe_div_max_um\": 9.0,\n"}
,{"stream_name":"stdout","time":24.728148067,"data":"  \"safe_div_sister_max_um\": 14.0,\n"}
,{"stream_name":"stdout","time":24.728151554,"data":"  \"short_track_rescue_max_mean_edge_dist_um\": 3.0,\n"}
,{"stream_name":"stdout","time":24.72815547,"data":"  \"short_track_rescue_max_nodes_abs\": 120,\n"}
,{"stream_name":"stdout","time":24.728159065,"data":"  \"short_track_rescue_max_nodes_frac\": 0.012,\n"}
,{"stream_name":"stdout","time":24.728163125000002,"data":"  \"short_track_rescue_min_len\": 4,\n"}
,{"stream_name":"stdout","time":24.728167579,"data":"  \"short_track_rescue_min_mean_edge_prob\": 0.88,\n"}
,{"stream_name":"stdout","time":24.728171705,"data":"  \"short_track_rescue_trigger_removed_frac\": 0.1,\n"}
,{"stream_name":"stdout","time":24.728175394,"data":"  \"slice\": \"\",\n"}
,{"stream_name":"stdout","time":24.728179453,"data":"  \"target_artifact_slug\": \"biohub-tracking-support-pack-50ep-v1\",\n"}
,{"stream_name":"stdout","time":24.728183744,"data":"  \"unet_batch_size\": 4,\n"}
,{"stream_name":"stdout","time":24.728187303,"data":"  \"use_deepcenter_add_only_gate\": true,\n"}
,{"stream_name":"stdout","time":24.728190993,"data":"  \"use_ilp\": true,\n"}
,{"stream_name":"stdout","time":24.728194637,"data":"  \"weights\": \"weights/unet_transformer/split_0/edge_predictor_best.pth\"\n"}
,{"stream_name":"stdout","time":24.728199273,"data":"}\n"}
,{"stream_name":"stdout","time":24.953535957,"data":"ARTIFACTS: /kaggle/input/datasets/pilkwang/biohub-tracking-support-pack-50ep-v1\n"}
,{"stream_name":"stdout","time":24.953597785,"data":"Has offline wheels: True\n"}
,{"stream_name":"stdout","time":24.953611364,"data":"Artifact name: biohub-tracking-support-pack-400ep-snapshot-v1\n"}
,{"stream_name":"stdout","time":24.953621821,"data":"Weight sha256: 12f6881ee3620a831697ca098ff8f48e687a24225f4e048b538deec3562fe771\n"}
,{"stream_name":"stdout","time":24.953626797,"data":"Weight path: weights/unet_transformer/split_0/edge_predictor_best.pth\n"}
,{"stream_name":"stdout","time":26.106033995,"data":"Installing missing packages from offline package dirs: ['polars']\n"}
,{"stream_name":"stdout","time":26.106083926,"data":"Dependency resolver is disabled with --no-deps to avoid replacing Kaggle numpy/scipy in a live kernel.\n"}
,{"stream_name":"stdout","time":26.106103873,"data":"Offline package dirs: ['/kaggle/input/datasets/pilkwang/biohub-tracking-support-pack-50ep-v1/wheels']\n"}
,{"stream_name":"stdout","time":34.224997729,"data":"Offline dependency install succeeded.\n"}
,{"stream_name":"stdout","time":34.225040023,"data":"Installing missing packages from offline package dirs: ['tracksdata', 'zarr', 'pyscipopt', 'geff', 'geff_spec', 'ilpy', 'imagecodecs', 'rustworkx', 'numcodecs', 'donfig', 'bidict']\n"}
,{"stream_name":"stdout","time":34.225060994,"data":"Dependency resolver is disabled with --no-deps to avoid replacing Kaggle numpy/scipy in a live kernel.\n"}
,{"stream_name":"stdout","time":34.225066294,"data":"Offline package dirs: ['/kaggle/input/datasets/pilkwang/biohub-tracking-support-pack-50ep-v1/wheels']\n"}
,{"stream_name":"stdout","time":83.930001957,"data":"Offline dependency install succeeded.\n"}
,{"stream_name":"stderr","time":93.083049378,"data":"/usr/local/lib/python3.12/dist-packages/dask/array/image.py:7: FutureWarning: `find_available_plugins` is deprecated since version 0.25 and will be removed in version 0.27. The plugin infrastructure of `skimage.io` is deprecated. Instead, use `imageio` or other I/O packages directly.\n"}
,{"stream_name":"stderr","time":93.083084669,"data":"  from skimage.io import imread as sk_imread\n"}
,{"stream_name":"stderr","time":93.083089092,"data":"/usr/lib/python3.12/importlib/__init__.py:90: FutureWarning: `reset_plugins` is deprecated since version 0.25 and will be removed in version 0.27. The plugin infrastructure of `skimage.io` is deprecated. Instead, use `imageio` or other I/O packages directly.\n"}
,{"stream_name":"stderr","time":93.083093224,"data":"  return _bootstrap._gcd_import(name[level:], package, level)\n"}
,{"stream_name":"stderr","time":93.08309664,"data":"\n"}
,{"stream_name":"stderr","time":93.083100266,"data":"/usr/local/lib/python3.12/dist-packages/dask/array/image.py:7: FutureWarning: `find_available_plugins` is deprecated since version 0.25 and will be removed in version 0.27. The plugin infrastructure of `skimage.io` is deprecated. Instead, use `imageio` or other I/O packages directly.\n"}
,{"stream_name":"stderr","time":93.083104074,"data":"  from skimage.io import imread as sk_imread\n"}
,{"stream_name":"stderr","time":93.083107302,"data":"/usr/lib/python3.12/importlib/__init__.py:90: FutureWarning: `reset_plugins` is deprecated since version 0.25 and will be removed in version 0.27. The plugin infrastructure of `skimage.io` is deprecated. Instead, use `imageio` or other I/O packages directly.\n"}
,{"stream_name":"stderr","time":93.083110877,"data":"  return _bootstrap._gcd_import(name[level:], package, level)\n"}
,{"stream_name":"stdout","time":93.402373792,"data":"Required graph/Zarr/ILP packages import successfully.\n"}
,{"stream_name":"stdout","time":93.402408287,"data":"Inference repo: /kaggle/working/tracking_repo\n"}
,{"stream_name":"stdout","time":93.402414182,"data":"Weights: /kaggle/working/tracking_repo/weights/unet_transformer/split_0/edge_predictor_best.pth\n"}
,{"stream_name":"stdout","time":94.426963617,"data":"Support repo Python manifest SHA256: 978b626d1fd1e7397435a437dfe68691defe1572fc3c20e61012d7c9b52ed029\n"}
,{"stream_name":"stdout","time":94.427024963,"data":"Primary materialized SHA256: 12f6881ee3620a831697ca098ff8f48e687a24225f4e048b538deec3562fe771\n"}
,{"stream_name":"stdout","time":94.427034111,"data":"DeepCenter materialized SHA256: 8040999a92f6b7bbd98fa8cf458141e045c0f9ad7c936bdb3b18e1f7edafe2a0\n"}
,{"stream_name":"stdout","time":613.69483343,"data":"Secondary artifact: /kaggle/input/datasets/pilkwang/biohub-temporal-unet3d-seed314159-v1\n"}
,{"stream_name":"stdout","time":613.694901086,"data":"Secondary weight: /kaggle/working/secondary_seed_weights/unet_transformer/split_0/edge_predictor_best.pth\n"}
,{"stream_name":"stdout","time":613.694906024,"data":"Secondary SHA256: 9bac2fa0dadc4a6fc1899e0caf187f4b553e0a7cd90ba1261a68b35ffe9e305f\n"}
,{"stream_name":"stdout","time":613.694909281,"data":"Secondary edge-logit weight: 0.15\n"}
,{"stream_name":"stdout","time":613.694912023,"data":"Runtime integrity receipt: /kaggle/working/bidirectional_production_runtime_integrity.json\n"}
,{"stream_name":"stdout","time":614.118617711,"data":"CUDA device: Tesla T4\n"}
,{"stream_name":"stdout","time":614.118650627,"data":"TTA patch applied (400ep spatial D4-style)\n"}
,{"stream_name":"stdout","time":614.11865555,"data":"Calibrated dual-seed runtime patch applied\n"}
,{"stream_name":"stdout","time":614.118659322,"data":"Frozen frame retention guard applied at 0.90\n"}
,{"stream_name":"stdout","time":614.1186629,"data":"Bidirectional harmonic-probability association fusion applied | weight= 0.15\n"}
,{"stream_name":"stdout","time":614.118666836,"data":"Pre-ILP detector-coordinate manifest hook applied\n"}
,{"stream_name":"stdout","time":614.118670531,"data":"EDGE_TTA patch installed and enabled in /kaggle/working/tracking_repo/scripts/predict_unet_transformer.py\n"}
,{"stream_name":"stdout","time":614.118674406,"data":"secondary edge-feature TTA patch installed and enabled\n"}
,{"stream_name":"stderr","time":617.283775346,"data":"Traceback (most recent call last):\n"}
,{"stream_name":"stderr","time":617.283808256,"data":"  File \"\u003cstring\u003e\", line 1, in \u003cmodule\u003e\n"}
,{"stream_name":"stderr","time":617.283814554,"data":"  File \"/usr/local/lib/python3.12/dist-packages/papermill/execute.py\", line 131, in execute_notebook\n"}
,{"stream_name":"stderr","time":617.284001753,"data":"    raise_for_execution_errors(nb, output_path)\n"}
,{"stream_name":"stderr","time":617.284019339,"data":"  File \"/usr/local/lib/python3.12/dist-packages/papermill/execute.py\", line 251, in raise_for_execution_errors\n"}
,{"stream_name":"stderr","time":617.28422825,"data":"    raise error\n"}
,{"stream_name":"stderr","time":617.284326191,"data":"papermill.exceptions.PapermillExecutionError: \n"}
,{"stream_name":"stderr","time":617.284333114,"data":"---------------------------------------------------------------------------\n"}
,{"stream_name":"stderr","time":617.284337824,"data":"Exception encountered at \"In [5]\":\n"}
,{"stream_name":"stderr","time":617.284342112,"data":"---------------------------------------------------------------------------\n"}
,{"stream_name":"stderr","time":617.28434614,"data":"RuntimeError                              Traceback (most recent call last)\n"}
,{"stream_name":"stderr","time":617.284350237,"data":"/tmp/ipykernel_24/1996278353.py in \u003ccell line: 0\u003e()\n"}
,{"stream_name":"stderr","time":617.284354359,"data":"    251 _ps.write_text(_d4_corrected_source, encoding='utf-8')\n"}
,{"stream_name":"stderr","time":617.28435836,"data":"    252 if _d4_hashlib.sha256(_ps.read_bytes()).hexdigest() != 'ef6fc4f8335ec799f7229dc880b2247fb776394821c382a2f113906f6b9b0c6a':\n"}
,{"stream_name":"stderr","time":617.284362545,"data":"--\u003e 253     raise RuntimeError('D4 predictor correction did not persist')\n"}
,{"stream_name":"stderr","time":617.284367274,"data":"    254 print('PROJECT_D4_CORRECTION: eight unique views; same eight passes', flush=True)\n"}
,{"stream_name":"stderr","time":617.284371786,"data":"    255 \n"}
,{"stream_name":"stderr","time":617.284376355,"data":"\n"}
,{"stream_name":"stderr","time":617.284380497,"data":"RuntimeError: D4 predictor correction did not persist\n"}
,{"stream_name":"stderr","time":617.284398326,"data":"\n"}
,{"stream_name":"stderr","time":619.988431885,"data":"/usr/local/lib/python3.12/dist-packages/mistune.py:435: SyntaxWarning: invalid escape sequence '\\|'\n"}
,{"stream_name":"stderr","time":619.988485892,"data":"  cells[i][c] = re.sub('\\\\\\\\\\|', '|', cell)\n"}
,{"stream_name":"stderr","time":620.172836947,"data":"/usr/local/lib/python3.12/dist-packages/nbconvert/filters/filter_links.py:36: SyntaxWarning: invalid escape sequence '\\_'\n"}
,{"stream_name":"stderr","time":620.172867764,"data":"  text = re.sub(r'_', '\\_', text) # Escape underscores in display text\n"}
,{"stream_name":"stderr","time":621.053720405,"data":"[NbConvertApp] Converting notebook __notebook__.ipynb to notebook\n"}
,{"stream_name":"stderr","time":621.404095016,"data":"[NbConvertApp] Writing 324183 bytes to __notebook__.ipynb\n"}
,{"stream_name":"stderr","time":624.104749971,"data":"[NbConvertApp] Converting notebook __notebook__.ipynb to html\n"}
,{"stream_name":"stderr","time":625.800616769,"data":"[NbConvertApp] Writing 1295330 bytes to __results__.html\n"}
]